2025-08-06 03:08:38,797 - services.ranking.src.validation.ranking_validator - INFO - 🔍 RankingValidator initialized
2025-08-06 03:08:38,799 - services.ranking.src.calculation.vor_calculator - INFO - 📊 VOR Calculator initialized
2025-08-06 03:08:38,799 - services.ranking.src.outputs.cheatsheet_generator - INFO - 📋 Cheatsheet Generator initialized
2025-08-06 03:08:38,799 - services.ranking.src.scoring.scoring_engine - INFO - 🎯 Scoring Engine initialized
2025-08-06 03:08:38,799 - services.ranking.src.validation.ranking_validator - INFO - 🔍 RankingValidator initialized
INFO:     Started server process [16977]
INFO:     Waiting for application startup.
2025-08-06 03:08:38,843 - services.ranking.src.api.base_api - INFO - Starting Ranking Service service v1.0.0
2025-08-06 03:08:38,843 - __main__ - INFO - 🏆 Ranking Service starting up...
2025-08-06 03:08:38,843 - services.ranking.src.calculation.vor_calculator - INFO - 🎯 Initializing VOR baselines...
2025-08-06 03:08:38,864 - services.ranking.src.calculation.vor_calculator - WARNING - Could not get configuration: 404
2025-08-06 03:08:38,864 - services.ranking.src.calculation.vor_calculator - INFO - 📊 Current VOR baselines:
2025-08-06 03:08:38,864 - services.ranking.src.calculation.vor_calculator - INFO -    QB: 15 (replacement level)
2025-08-06 03:08:38,864 - services.ranking.src.calculation.vor_calculator - INFO -    RB: 36 (replacement level)
2025-08-06 03:08:38,864 - services.ranking.src.calculation.vor_calculator - INFO -    WR: 36 (replacement level)
2025-08-06 03:08:38,864 - services.ranking.src.calculation.vor_calculator - INFO -    TE: 15 (replacement level)
2025-08-06 03:08:38,864 - __main__ - INFO - ✅ VOR baselines initialized
2025-08-06 03:08:38,864 - __main__ - INFO - ✅ Ranking Service started successfully
INFO:     Application startup complete.
INFO:     Uvicorn running on http://0.0.0.0:8007 (Press CTRL+C to quit)
2025-08-06 03:08:45,468 - services.ranking.src.api.base_api - INFO - Request started: GET /health/live [correlation_id: e459b42c-d680-4808-9493-3a39ccf9e8f7]
2025-08-06 03:08:45,469 - services.ranking.src.api.base_api - INFO - Request completed: GET /health/live Status: 200 Duration: 0.001s [correlation_id: e459b42c-d680-4808-9493-3a39ccf9e8f7]
INFO:     127.0.0.1:64719 - "GET /health/live HTTP/1.1" 200 OK
2025-08-06 03:08:51,975 - services.ranking.src.api.base_api - INFO - Request started: POST /api/v1/rankings/generate [correlation_id: 3f5a0a55-b962-4bba-a58f-d5dd03be66de]
2025-08-06 03:08:51,977 - services.ranking.src.api.base_api - INFO - Request completed: POST /api/v1/rankings/generate Status: 200 Duration: 0.002s [correlation_id: 3f5a0a55-b962-4bba-a58f-d5dd03be66de]
INFO:     127.0.0.1:64743 - "POST /api/v1/rankings/generate HTTP/1.1" 200 OK
2025-08-06 03:08:51,978 - services.ranking.src.scoring.scoring_engine - INFO - 🏆 Generating overall rankings for ['QB', 'RB', 'WR', 'TE']...
2025-08-06 03:08:51,983 - services.ranking.src.scoring.scoring_engine - INFO - 📊 Loading player data for QB...
2025-08-06 03:08:51,984 - services.ranking.src.calculation.vor_calculator - INFO - 📊 VOR Calculator initialized
2025-08-06 03:08:51,984 - services.ranking.src.calculation.vor_calculator - INFO - 📊 Calculating VOR for QB position...
2025-08-06 03:08:51,984 - services.ranking.src.calculation.vor_calculator - INFO - 🔄 Getting predictions from ML Models service for QB...
2025-08-06 03:08:51,984 - services.ranking.src.calculation.vor_calculator - INFO - 🎯 Generating 2025 projection features for QB players...
2025-08-06 03:08:51,984 - services.ranking.src.calculation.vor_calculator - INFO - 🔧 Generating 2025 projections for QB using feature engineering pipeline...
2025-08-06 03:08:51,988 - feature_engineering - ERROR - CRITICAL: Opportunity metrics components not available: attempted relative import with no known parent package
2025-08-06 03:08:51,988 - feature_engineering - ERROR - This indicates a critical service structure issue
2025-08-06 03:08:51,988 - feature_engineering - ERROR - CRITICAL: Position-specific feature engineering not available: attempted relative import with no known parent package
2025-08-06 03:08:51,988 - feature_engineering - ERROR - This indicates a critical service structure issue
2025-08-06 03:08:51,988 - feature_engineering - ERROR - CRITICAL: Matchup intelligence components not available: attempted relative import with no known parent package
2025-08-06 03:08:51,988 - feature_engineering - ERROR - This indicates a critical service structure issue
2025-08-06 03:08:51,988 - services.ranking.src.calculation.vor_calculator - INFO -    Engineering features: 2024 → 2025 projections
2025-08-06 03:08:52,004 - feature_engineering - ERROR - Error getting configuration: HTTPConnectionPool(host='configuration', port=8000): Max retries exceeded with url: /api/v1/config/data (Caused by NameResolutionError("<urllib3.connection.HTTPConnection object at 0x12d55e790>: Failed to resolve 'configuration' ([Errno 8] nodename nor servname provided, or not known)"))
2025-08-06 03:08:52,004 - feature_engineering - ERROR - USING DEFAULT CONFIG DUE TO SERVICE COMMUNICATION FAILURE
2025-08-06 03:08:52,004 - feature_engineering - INFO - 🏗️ FEATURE ENGINEERING START: 2024 → 2025
2025-08-06 03:08:52,004 - feature_engineering - INFO - ================================================================================
2025-08-06 03:08:52,004 - feature_engineering - INFO - 📊 Configuration:
2025-08-06 03:08:52,004 - feature_engineering - INFO -    Target season: 2024
2025-08-06 03:08:52,004 - feature_engineering - INFO -    Prediction season: 2025
2025-08-06 03:08:52,004 - feature_engineering - INFO -    Matchup intelligence: False
2025-08-06 03:08:52,004 - feature_engineering - INFO -    Position-specific features: False
2025-08-06 03:08:52,004 - feature_engineering - INFO -    Weeks ahead SOS: 4
2025-08-06 03:08:52,004 - feature_engineering - INFO -    Historical seasons: [2023, 2024]
2025-08-06 03:08:52,004 - feature_engineering - INFO - ================================================================================
2025-08-06 03:08:52,004 - feature_engineering - INFO - 🎯 INFERENCE MODE: Preserving 2024 fantasy points for draft rankings
2025-08-06 03:08:52,054 - feature_engineering - INFO - Raw data validation passed for season 2024: 569 records
2025-08-06 03:08:52,054 - feature_engineering - INFO - Converted 'birth_date' column to datetime for season 2024 in current_season_df
2025-08-06 03:08:52,054 - feature_engineering - INFO - 🔧 Using raw data directly for feature engineering (skipping roster enhancement)
2025-08-06 03:08:52,055 - feature_engineering - INFO - ✅ Raw data loaded for 2024
2025-08-06 03:08:52,055 - feature_engineering - INFO -    Data shape: (569, 81)
2025-08-06 03:08:52,055 - feature_engineering - INFO -    Position breakdown: {'WR': 227, 'RB': 145, 'TE': 119, 'QB': 78}
2025-08-06 03:08:52,055 - feature_engineering - INFO - ✅ Data validation passed - required columns present: ['position', 'games', 'player_id']
2025-08-06 03:08:52,055 - feature_engineering - INFO -    Data shape: (569, 81)
2025-08-06 03:08:52,055 - feature_engineering - INFO -    Available positions: ['QB', 'RB', 'TE', 'WR']
2025-08-06 03:08:52,056 - feature_engineering - INFO - Calculating per-game statistics
2025-08-06 03:08:52,064 - feature_engineering - INFO - Calculating efficiency metrics
2025-08-06 03:08:52,070 - feature_engineering - INFO - Calculating team-level aggregates
2025-08-06 03:08:52,072 - feature_engineering - INFO - Calculating usage metrics
2025-08-06 03:08:52,077 - feature_engineering - INFO - Creating lagged features from previous season
2025-08-06 03:08:52,080 - feature_engineering - INFO - Handling rookies for prediction
2025-08-06 03:08:52,085 - feature_engineering - ERROR - Error getting configuration: HTTPConnectionPool(host='configuration', port=8000): Max retries exceeded with url: /api/v1/config/data (Caused by NameResolutionError("<urllib3.connection.HTTPConnection object at 0x12d5d7690>: Failed to resolve 'configuration' ([Errno 8] nodename nor servname provided, or not known)"))
2025-08-06 03:08:52,085 - feature_engineering - ERROR - USING DEFAULT CONFIG DUE TO SERVICE COMMUNICATION FAILURE
2025-08-06 03:08:52,095 - feature_engineering - INFO - Identified 0 rookies for 2025 season
2025-08-06 03:08:52,095 - feature_engineering - WARNING - 'draftround' column not found, cannot apply rookie projections based on draft capital
2025-08-06 03:08:52,095 - feature_engineering - INFO - Handling players with minimal data (less than 4 games)
2025-08-06 03:08:52,100 - feature_engineering - ERROR - Error getting configuration: HTTPConnectionPool(host='configuration', port=8000): Max retries exceeded with url: /api/v1/config/data (Caused by NameResolutionError("<urllib3.connection.HTTPConnection object at 0x12db2bcd0>: Failed to resolve 'configuration' ([Errno 8] nodename nor servname provided, or not known)"))
2025-08-06 03:08:52,100 - feature_engineering - ERROR - USING DEFAULT CONFIG DUE TO SERVICE COMMUNICATION FAILURE
2025-08-06 03:08:52,100 - feature_engineering - INFO - Applied baseline FPPG of 1.0 to 24 QB players with minimal data
2025-08-06 03:08:52,101 - feature_engineering - INFO - Applied baseline FPPG of 1.0 to 50 RB players with minimal data
2025-08-06 03:08:52,101 - feature_engineering - INFO - Applied baseline FPPG of 1.0 to 82 WR players with minimal data
2025-08-06 03:08:52,101 - feature_engineering - INFO - Applied baseline FPPG of 1.0 to 38 TE players with minimal data
2025-08-06 03:08:52,101 - feature_engineering - INFO - 🎯 STEP 9: Adding Opportunity Metrics
2025-08-06 03:08:52,101 - feature_engineering - WARNING - ⚠️ Opportunity metrics not available - skipping industry-standard calculations
2025-08-06 03:08:52,101 - feature_engineering - INFO - 📊 STEP 10: Adding Usage Analytics
2025-08-06 03:08:52,101 - feature_engineering - WARNING - ⚠️ Usage analytics not available - skipping advanced usage calculations
2025-08-06 03:08:52,101 - feature_engineering - INFO - 🎯 INFERENCE MODE: Generating projection features for 2025 rankings
2025-08-06 03:08:52,101 - feature_engineering - INFO -    Features based on 2024 data → 2025 projections
2025-08-06 03:08:52,101 - feature_engineering - INFO - ✅ Generated projection features for 569 players
2025-08-06 03:08:52,101 - feature_engineering - INFO -    Target variable set to NaN - ML models will generate predictions
2025-08-06 03:08:52,101 - feature_engineering - INFO - ================================================================================
2025-08-06 03:08:52,101 - feature_engineering - INFO - 🎯 COMPREHENSIVE FEATURE ENGINEERING SUMMARY
2025-08-06 03:08:52,101 - feature_engineering - INFO - ================================================================================
2025-08-06 03:08:52,102 - feature_engineering - INFO - 📊 Total Players: 569
2025-08-06 03:08:52,102 - feature_engineering - INFO - 📊 Total Features: 144
2025-08-06 03:08:52,102 - feature_engineering - INFO -    • Opportunity Metrics: 8
2025-08-06 03:08:52,102 - feature_engineering - INFO -    • Usage Analytics: 0
2025-08-06 03:08:52,102 - feature_engineering - INFO -    • Position-Specific: 0
2025-08-06 03:08:52,102 - feature_engineering - INFO -    • Matchup Intelligence: 0
2025-08-06 03:08:52,102 - feature_engineering - INFO - 🔍 Key Feature Validation:
2025-08-06 03:08:52,102 - feature_engineering - INFO -    • target_share: 478 non-zero (avg: 0.055)
2025-08-06 03:08:52,102 - feature_engineering - INFO -    • air_yards_share: 474 non-zero (avg: 0.956)
2025-08-06 03:08:52,102 - feature_engineering - INFO - 🏗️  Feature Enhancement Status:
2025-08-06 03:08:52,102 - feature_engineering - INFO -    ❌ Opportunity Metrics
2025-08-06 03:08:52,102 - feature_engineering - INFO -    ❌ Position-Specific Features
2025-08-06 03:08:52,102 - feature_engineering - INFO -    ❌ Matchup Intelligence
2025-08-06 03:08:52,102 - feature_engineering - INFO - 🔖 Feature Engineering Version: v1_traditional
2025-08-06 03:08:52,102 - feature_engineering - INFO - 
2025-08-06 03:08:52,102 - feature_engineering - INFO - 🔍 DETAILED COMPONENT STATUS REPORT
2025-08-06 03:08:52,102 - feature_engineering - INFO - --------------------------------------------------------------------------------
2025-08-06 03:08:52,102 - feature_engineering - INFO - 📊 Core Features:
2025-08-06 03:08:52,102 - feature_engineering - INFO -    ✅ Per-game statistics: SUCCESSFUL
2025-08-06 03:08:52,102 - feature_engineering - INFO -    ✅ Efficiency metrics: SUCCESSFUL
2025-08-06 03:08:52,102 - feature_engineering - INFO -    ✅ Team aggregates: SUCCESSFUL
2025-08-06 03:08:52,102 - feature_engineering - INFO -    ✅ Usage metrics: SUCCESSFUL
2025-08-06 03:08:52,102 - feature_engineering - INFO -    ✅ Lagged features: SUCCESSFUL
2025-08-06 03:08:52,102 - feature_engineering - INFO -    ✅ Age calculation: SUCCESSFUL
2025-08-06 03:08:52,102 - feature_engineering - INFO -    ✅ Rookie handling: SUCCESSFUL
2025-08-06 03:08:52,102 - feature_engineering - INFO - 🎯 Enhanced Features:
2025-08-06 03:08:52,102 - feature_engineering - INFO -    ❌ Opportunity Metrics: FAILED OR DISABLED
2025-08-06 03:08:52,102 - feature_engineering - INFO -       • Reason: Import failed - components not available
2025-08-06 03:08:52,102 - feature_engineering - INFO -    ❌ Usage Analytics: FAILED OR DISABLED
2025-08-06 03:08:52,102 - feature_engineering - INFO -       • Reason: Import failed - components not available
2025-08-06 03:08:52,102 - feature_engineering - INFO -    ⚪ Position-Specific Features: DISABLED (not requested)
2025-08-06 03:08:52,102 - feature_engineering - INFO -    ⚪ Matchup Intelligence: DISABLED (not requested)
2025-08-06 03:08:52,102 - feature_engineering - INFO - 
2025-08-06 03:08:52,102 - feature_engineering - INFO - 📋 Data Quality Report:
2025-08-06 03:08:52,102 - feature_engineering - INFO -    • Total players processed: 569
2025-08-06 03:08:52,103 - feature_engineering - INFO -    • Players with complete data: 0
2025-08-06 03:08:52,104 - feature_engineering - INFO -    • Missing data percentage: 17.5%
2025-08-06 03:08:52,104 - feature_engineering - INFO -    • Position breakdown: {'WR': 227, 'RB': 145, 'TE': 119, 'QB': 78}
2025-08-06 03:08:52,104 - feature_engineering - INFO - 
2025-08-06 03:08:52,104 - feature_engineering - INFO - 🏆 FEATURE ENGINEERING SUCCESS RATE: 25.0% (1/4 components)
2025-08-06 03:08:52,104 - feature_engineering - INFO - ❌ POOR PERFORMANCE. Multiple components failed - review configuration.
2025-08-06 03:08:52,104 - feature_engineering - INFO - ================================================================================
2025-08-06 03:08:52,104 - feature_engineering - INFO - Feature engineered data validation passed for season 2024: 569 records
2025-08-06 03:08:52,104 - feature_engineering - INFO - Data Quality Summary - Feature Engineering Complete (2024): 569 records, 144 features
2025-08-06 03:08:52,105 - feature_engineering - INFO - ✅ Calculated dual_threat_score for 145 RBs
2025-08-06 03:08:52,108 - feature_engineering - WARNING - ⚠️ Could not merge team rushing data, setting rushing_share to 0
2025-08-06 03:08:52,108 - feature_engineering - INFO - 🎯 PRODUCTION MODE: Filtered to 28 core features
2025-08-06 03:08:52,108 - feature_engineering - INFO -    Core features: ['games', 'age', 'attempts', 'completions', 'passing_yards', 'passing_tds', 'interceptions', 'carries', 'rushing_yards', 'rushing_tds', 'targets', 'receptions', 'receiving_yards', 'receiving_tds', 'yards_per_attempt', 'completion_percentage', 'yards_per_carry', 'catch_rate', 'dual_threat_score', 'rushing_share', 'target_share', 'yards_per_target', 'yards_per_reception', 'player_id', 'player_name', 'team', 'position', 'fantasy_points_ppr']
2025-08-06 03:08:52,109 - services.ranking.src.calculation.vor_calculator - INFO -    Found 78 QB players in projection features
2025-08-06 03:08:53,289 - services.ranking.src.calculation.vor_calculator - INFO - ✅ Generated 2025 projection data for 78 QB players
2025-08-06 03:08:53,289 - services.ranking.src.calculation.vor_calculator - INFO - ✅ Generated 78 2025 projections for QB
2025-08-06 03:08:53,314 - services.ranking.src.calculation.vor_calculator - ERROR - ❌ CRITICAL: Failed to get predictions from ML Models Service: HTTPConnectionPool(host='ml-models', port=8000): Max retries exceeded with url: /api/v1/models/predict-batch (Caused by NameResolutionError("<urllib3.connection.HTTPConnection object at 0x12db0e550>: Failed to resolve 'ml-models' ([Errno 8] nodename nor servname provided, or not known)"))
2025-08-06 03:08:53,314 - services.ranking.src.calculation.vor_calculator - ERROR - Unexpected error in prediction generation: HTTPConnectionPool(host='ml-models', port=8000): Max retries exceeded with url: /api/v1/models/predict-batch (Caused by NameResolutionError("<urllib3.connection.HTTPConnection object at 0x12db0e550>: Failed to resolve 'ml-models' ([Errno 8] nodename nor servname provided, or not known)"))
2025-08-06 03:08:53,314 - services.ranking.src.calculation.vor_calculator - ERROR - ❌ CRITICAL: No predictions available for QB
2025-08-06 03:08:53,314 - services.ranking.src.calculation.vor_calculator - ERROR - VOR calculation failed for QB: ❌ CRITICAL: No predictions available for QB
2025-08-06 03:08:53,314 - services.ranking.src.scoring.scoring_engine - ERROR - ❌ CRITICAL: No VOR data available for QB. VOR calculation failed or returned empty results.
2025-08-06 03:08:53,314 - services.ranking.src.scoring.scoring_engine - ERROR - VOR results: {'position': 'QB', 'players': [], 'vor_calculated': False, 'error': '❌ CRITICAL: No predictions available for QB'}
2025-08-06 03:08:53,314 - services.ranking.src.scoring.scoring_engine - ERROR - ❌ CRITICAL: Failed to get players for QB: ❌ CRITICAL: No VOR data available for QB. VOR calculation failed or returned empty results.
2025-08-06 03:08:53,314 - services.ranking.src.scoring.scoring_engine - ERROR - Full error details: ❌ CRITICAL: No VOR data available for QB. VOR calculation failed or returned empty results.
Traceback (most recent call last):
  File "/Users/jihoonsong/Documents/projects/fantasy_draft_engine/services/ranking/src/scoring/scoring_engine.py", line 149, in _get_position_players
    raise Exception(error_msg)
Exception: ❌ CRITICAL: No VOR data available for QB. VOR calculation failed or returned empty results.
2025-08-06 03:08:53,315 - services.ranking.src.scoring.scoring_engine - ERROR - Failed to generate overall rankings: ❌ CRITICAL: Failed to get players for QB: ❌ CRITICAL: No VOR data available for QB. VOR calculation failed or returned empty results.
2025-08-06 03:08:53,315 - __main__ - ERROR - ❌ Ranking generation failed: ❌ CRITICAL: Failed to get players for QB: ❌ CRITICAL: No VOR data available for QB. VOR calculation failed or returned empty results.
2025-08-06 03:09:03,208 - services.ranking.src.api.base_api - INFO - Request started: GET /api/v1/rankings/status [correlation_id: e8e04997-dd33-4331-80ba-3ccb88b5a687]
2025-08-06 03:09:03,209 - services.ranking.src.api.base_api - INFO - Request completed: GET /api/v1/rankings/status Status: 200 Duration: 0.001s [correlation_id: e8e04997-dd33-4331-80ba-3ccb88b5a687]
INFO:     127.0.0.1:64768 - "GET /api/v1/rankings/status HTTP/1.1" 200 OK
INFO:     Shutting down
INFO:     Waiting for application shutdown.
2025-08-06 03:09:55,047 - services.ranking.src.api.base_api - INFO - Shutting down Ranking Service service
2025-08-06 03:09:55,048 - services.ranking.src.api.base_api - INFO - Ranking Service shutdown completed
INFO:     Application shutdown complete.
INFO:     Finished server process [16977]
