2025-08-06 03:07:44,245 - services.ranking.src.validation.ranking_validator - INFO - 🔍 RankingValidator initialized
2025-08-06 03:07:44,247 - services.ranking.src.calculation.vor_calculator - INFO - 📊 VOR Calculator initialized
2025-08-06 03:07:44,247 - services.ranking.src.outputs.cheatsheet_generator - INFO - 📋 Cheatsheet Generator initialized
2025-08-06 03:07:44,247 - services.ranking.src.scoring.scoring_engine - INFO - 🎯 Scoring Engine initialized
2025-08-06 03:07:44,247 - services.ranking.src.validation.ranking_validator - INFO - 🔍 RankingValidator initialized
INFO:     Started server process [16641]
INFO:     Waiting for application startup.
2025-08-06 03:07:44,291 - services.ranking.src.api.base_api - INFO - Starting Ranking Service service v1.0.0
2025-08-06 03:07:44,291 - __main__ - INFO - 🏆 Ranking Service starting up...
2025-08-06 03:07:44,291 - services.ranking.src.calculation.vor_calculator - INFO - 🎯 Initializing VOR baselines...
2025-08-06 03:07:44,303 - services.ranking.src.calculation.vor_calculator - WARNING - Could not get configuration: 404
2025-08-06 03:07:44,303 - services.ranking.src.calculation.vor_calculator - INFO - 📊 Current VOR baselines:
2025-08-06 03:07:44,303 - services.ranking.src.calculation.vor_calculator - INFO -    QB: 15 (replacement level)
2025-08-06 03:07:44,303 - services.ranking.src.calculation.vor_calculator - INFO -    RB: 36 (replacement level)
2025-08-06 03:07:44,303 - services.ranking.src.calculation.vor_calculator - INFO -    WR: 36 (replacement level)
2025-08-06 03:07:44,303 - services.ranking.src.calculation.vor_calculator - INFO -    TE: 15 (replacement level)
2025-08-06 03:07:44,303 - __main__ - INFO - ✅ VOR baselines initialized
2025-08-06 03:07:44,303 - __main__ - INFO - ✅ Ranking Service started successfully
INFO:     Application startup complete.
ERROR:    [Errno 48] error while attempting to bind on address ('0.0.0.0', 8005): address already in use
INFO:     Waiting for application shutdown.
2025-08-06 03:07:44,303 - services.ranking.src.api.base_api - INFO - Shutting down Ranking Service service
2025-08-06 03:07:44,303 - services.ranking.src.api.base_api - INFO - Ranking Service shutdown completed
INFO:     Application shutdown complete.
